// Jest Snapshot v1, https://goo.gl/fbAQLP

exports[`StartObjective.vue matches objective snapshot 1`] = `
<section id="start-objective" class="resume-section p-3 p-lg-5 d-flex d-column">
  <div class="aboutme-container mb-4 mb-md-3">
    <div class="aboutme-paragraph lead">
      <p>
        sample aboutMe
      </p>
    </div>
  </div>
</section>
`;
