// Jest Snapshot v1, https://goo.gl/fbAQLP

exports[`StartInterests.vue matches snapshot 1`] = `
<section id="interests" class="resume-section p-3 p-lg-5 d-flex flex-column">
  <div class="my-auto">
    <h2 class="mb-4 mb-md-3">Interests</h2>
    <p class="mb-4">sample interests</p>
  </div>
  <div class="short-poetry my-auto">
    <div id="poem-container" class="mt-3 mt-md-0 mr-0 text-center"><img src="" alt="poem" class="img-fluid img-profile rounded"></div>
  </div>
</section>
`;
